../LoRaWAN/App/lora_app.c:226:6:LoRaWAN_Init	24	static
../LoRaWAN/App/lora_app.c:305:6:HAL_GPIO_EXTI_Callback	16	static
../LoRaWAN/App/lora_app.c:325:13:OnRxData	48	static
../LoRaWAN/App/lora_app.c:391:13:SendTxData	40	static
../LoRaWAN/App/lora_app.c:479:13:OnTxTimerEvent	16	static
../LoRaWAN/App/lora_app.c:494:13:OnTxTimerLedEvent	16	static
../LoRaWAN/App/lora_app.c:499:13:OnRxTimerLedEvent	16	static
../LoRaWAN/App/lora_app.c:504:13:OnJoinTimerLedEvent	16	static
../LoRaWAN/App/lora_app.c:511:13:OnTxData	32	static
../LoRaWAN/App/lora_app.c:540:13:OnJoinRequest	16	static
../LoRaWAN/App/lora_app.c:568:13:OnMacProcessNotify	8	static
