C:/Users/Mega-PC/Downloads/Compressed/LoRaWan-E5-Node-qian/LoRaWan-E5-Node-qian/Middlewares/Third_Party/LoRaWAN/LmHandler/Packages/LmhpClockSync.c:166:15:LmhpClockSyncPackageFactory	4	static
C:/Users/Mega-PC/Downloads/Compressed/LoRaWan-E5-Node-qian/LoRaWan-E5-Node-qian/Middlewares/Third_Party/LoRaWAN/LmHandler/Packages/LmhpClockSync.c:171:13:LmhpClockSyncInit	32	static
C:/Users/Mega-PC/Downloads/Compressed/LoRaWan-E5-Node-qian/LoRaWan-E5-Node-qian/Middlewares/Third_Party/LoRaWAN/LmHandler/Packages/LmhpClockSync.c:188:13:LmhpClockSyncIsInitialized	4	static
C:/Users/Mega-PC/Downloads/Compressed/LoRaWan-E5-Node-qian/LoRaWan-E5-Node-qian/Middlewares/Third_Party/LoRaWAN/LmHandler/Packages/LmhpClockSync.c:193:13:LmhpClockSyncIsRunning	4	static
C:/Users/Mega-PC/Downloads/Compressed/LoRaWan-E5-Node-qian/LoRaWan-E5-Node-qian/Middlewares/Third_Party/LoRaWAN/LmHandler/Packages/LmhpClockSync.c:203:13:LmhpClockSyncProcess	8	static
C:/Users/Mega-PC/Downloads/Compressed/LoRaWan-E5-Node-qian/LoRaWan-E5-Node-qian/Middlewares/Third_Party/LoRaWAN/LmHandler/Packages/LmhpClockSync.c:214:13:LmhpClockSyncOnMcpsConfirm	56	static
C:/Users/Mega-PC/Downloads/Compressed/LoRaWan-E5-Node-qian/LoRaWan-E5-Node-qian/Middlewares/Third_Party/LoRaWAN/LmHandler/Packages/LmhpClockSync.c:239:13:LmhpClockSyncOnMcpsIndication	64	static
C:/Users/Mega-PC/Downloads/Compressed/LoRaWan-E5-Node-qian/LoRaWan-E5-Node-qian/Middlewares/Third_Party/LoRaWAN/LmHandler/Packages/LmhpClockSync.c:349:24:LmhpClockSyncAppTimeReq	80	static
C:/Users/Mega-PC/Downloads/Compressed/LoRaWan-E5-Node-qian/LoRaWan-E5-Node-qian/Middlewares/Third_Party/LoRaWAN/LmHandler/Packages/LmhpClockSync.c:421:13:OnPeriodicTimeStartTimer	16	static
