Archive member included to satisfy reference by file (symbol)

c:/st/stm32cubeide_1.11.2/stm32cubeide/plugins/com.st.stm32cube.ide.mcu.externaltools.gnu-tools-for-stm32.10.3-2021.10.win32_1.0.100.202210260954/tools/bin/../lib/gcc/arm-none-eabi/10.3.1/../../../../arm-none-eabi/lib/thumb/v7e-m/nofp\libc_nano.a(lib_a-errno.o)
                              ./Core/Src/syscalls.o (__errno)
c:/st/stm32cubeide_1.11.2/stm32cubeide/plugins/com.st.stm32cube.ide.mcu.externaltools.gnu-tools-for-stm32.10.3-2021.10.win32_1.0.100.202210260954/tools/bin/../lib/gcc/arm-none-eabi/10.3.1/../../../../arm-none-eabi/lib/thumb/v7e-m/nofp\libc_nano.a(lib_a-exit.o)
                              c:/st/stm32cubeide_1.11.2/stm32cubeide/plugins/com.st.stm32cube.ide.mcu.externaltools.gnu-tools-for-stm32.10.3-2021.10.win32_1.0.100.202210260954/tools/bin/../lib/gcc/arm-none-eabi/10.3.1/../../../../arm-none-eabi/lib/thumb/v7e-m/nofp/crt0.o (exit)
c:/st/stm32cubeide_1.11.2/stm32cubeide/plugins/com.st.stm32cube.ide.mcu.externaltools.gnu-tools-for-stm32.10.3-2021.10.win32_1.0.100.202210260954/tools/bin/../lib/gcc/arm-none-eabi/10.3.1/../../../../arm-none-eabi/lib/thumb/v7e-m/nofp\libc_nano.a(lib_a-impure.o)
                              c:/st/stm32cubeide_1.11.2/stm32cubeide/plugins/com.st.stm32cube.ide.mcu.externaltools.gnu-tools-for-stm32.10.3-2021.10.win32_1.0.100.202210260954/tools/bin/../lib/gcc/arm-none-eabi/10.3.1/../../../../arm-none-eabi/lib/thumb/v7e-m/nofp\libc_nano.a(lib_a-exit.o) (_global_impure_ptr)
c:/st/stm32cubeide_1.11.2/stm32cubeide/plugins/com.st.stm32cube.ide.mcu.externaltools.gnu-tools-for-stm32.10.3-2021.10.win32_1.0.100.202210260954/tools/bin/../lib/gcc/arm-none-eabi/10.3.1/../../../../arm-none-eabi/lib/thumb/v7e-m/nofp\libc_nano.a(lib_a-init.o)
                              c:/st/stm32cubeide_1.11.2/stm32cubeide/plugins/com.st.stm32cube.ide.mcu.externaltools.gnu-tools-for-stm32.10.3-2021.10.win32_1.0.100.202210260954/tools/bin/../lib/gcc/arm-none-eabi/10.3.1/../../../../arm-none-eabi/lib/thumb/v7e-m/nofp/crt0.o (__libc_init_array)
c:/st/stm32cubeide_1.11.2/stm32cubeide/plugins/com.st.stm32cube.ide.mcu.externaltools.gnu-tools-for-stm32.10.3-2021.10.win32_1.0.100.202210260954/tools/bin/../lib/gcc/arm-none-eabi/10.3.1/../../../../arm-none-eabi/lib/thumb/v7e-m/nofp\libc_nano.a(lib_a-memset.o)
                              c:/st/stm32cubeide_1.11.2/stm32cubeide/plugins/com.st.stm32cube.ide.mcu.externaltools.gnu-tools-for-stm32.10.3-2021.10.win32_1.0.100.202210260954/tools/bin/../lib/gcc/arm-none-eabi/10.3.1/../../../../arm-none-eabi/lib/thumb/v7e-m/nofp/crt0.o (memset)

Discarded input sections

 .text          0x0000000000000000        0x0 c:/st/stm32cubeide_1.11.2/stm32cubeide/plugins/com.st.stm32cube.ide.mcu.externaltools.gnu-tools-for-stm32.10.3-2021.10.win32_1.0.100.202210260954/tools/bin/../lib/gcc/arm-none-eabi/10.3.1/thumb/v7e-m/nofp/crti.o
 .data          0x0000000000000000        0x0 c:/st/stm32cubeide_1.11.2/stm32cubeide/plugins/com.st.stm32cube.ide.mcu.externaltools.gnu-tools-for-stm32.10.3-2021.10.win32_1.0.100.202210260954/tools/bin/../lib/gcc/arm-none-eabi/10.3.1/thumb/v7e-m/nofp/crti.o
 .bss           0x0000000000000000        0x0 c:/st/stm32cubeide_1.11.2/stm32cubeide/plugins/com.st.stm32cube.ide.mcu.externaltools.gnu-tools-for-stm32.10.3-2021.10.win32_1.0.100.202210260954/tools/bin/../lib/gcc/arm-none-eabi/10.3.1/thumb/v7e-m/nofp/crti.o
 .data          0x0000000000000000        0x4 c:/st/stm32cubeide_1.11.2/stm32cubeide/plugins/com.st.stm32cube.ide.mcu.externaltools.gnu-tools-for-stm32.10.3-2021.10.win32_1.0.100.202210260954/tools/bin/../lib/gcc/arm-none-eabi/10.3.1/thumb/v7e-m/nofp/crtbegin.o
 .rodata        0x0000000000000000       0x24 c:/st/stm32cubeide_1.11.2/stm32cubeide/plugins/com.st.stm32cube.ide.mcu.externaltools.gnu-tools-for-stm32.10.3-2021.10.win32_1.0.100.202210260954/tools/bin/../lib/gcc/arm-none-eabi/10.3.1/thumb/v7e-m/nofp/crtbegin.o
 .text          0x0000000000000000       0x7c c:/st/stm32cubeide_1.11.2/stm32cubeide/plugins/com.st.stm32cube.ide.mcu.externaltools.gnu-tools-for-stm32.10.3-2021.10.win32_1.0.100.202210260954/tools/bin/../lib/gcc/arm-none-eabi/10.3.1/../../../../arm-none-eabi/lib/thumb/v7e-m/nofp/crt0.o
 .data          0x0000000000000000        0x0 c:/st/stm32cubeide_1.11.2/stm32cubeide/plugins/com.st.stm32cube.ide.mcu.externaltools.gnu-tools-for-stm32.10.3-2021.10.win32_1.0.100.202210260954/tools/bin/../lib/gcc/arm-none-eabi/10.3.1/../../../../arm-none-eabi/lib/thumb/v7e-m/nofp/crt0.o
 .bss           0x0000000000000000        0x0 c:/st/stm32cubeide_1.11.2/stm32cubeide/plugins/com.st.stm32cube.ide.mcu.externaltools.gnu-tools-for-stm32.10.3-2021.10.win32_1.0.100.202210260954/tools/bin/../lib/gcc/arm-none-eabi/10.3.1/../../../../arm-none-eabi/lib/thumb/v7e-m/nofp/crt0.o
[...]
Memory Configuration

Name             Origin             Length             Attributes
RAM1             0x0000000020000000 0x0000000000008000 xrw
RAM2             0x0000000020008000 0x0000000000008000 xrw
FLASH            0x0000000008000000 0x0000000000040000 xr
*default*        0x0000000000000000 0xffffffffffffffff

Linker script and memory map

LOAD c:/st/stm32cubeide_1.11.2/stm32cubeide/plugins/com.st.stm32cube.ide.mcu.externaltools.gnu-tools-for-stm32.10.3-2021.10.win32_1.0.100.202210260954/tools/bin/../lib/gcc/arm-none-eabi/10.3.1/thumb/v7e-m/nofp/crti.o
LOAD c:/st/stm32cubeide_1.11.2/stm32cubeide/plugins/com.st.stm32cube.ide.mcu.externaltools.gnu-tools-for-stm32.10.3-2021.10.win32_1.0.100.202210260954/tools/bin/../lib/gcc/arm-none-eabi/10.3.1/thumb/v7e-m/nofp/crtbegin.o
LOAD c:/st/stm32cubeide_1.11.2/stm32cubeide/plugins/com.st.stm32cube.ide.mcu.externaltools.gnu-tools-for-stm32.10.3-2021.10.win32_1.0.100.202210260954/tools/bin/../lib/gcc/arm-none-eabi/10.3.1/../../../../arm-none-eabi/lib/thumb/v7e-m/nofp/crt0.o
LOAD ./Core/Src/main.o
LOAD ./Core/Src/stm32wlxx_hal_msp.o
LOAD ./Core/Src/stm32wlxx_it.o
LOAD ./Core/Src/syscalls.o
LOAD ./Core/Src/sysmem.o
LOAD ./Core/Src/system_stm32wlxx.o
LOAD ./Core/Startup/startup_stm32wle5jcix.o
LOAD ./Drivers/stm32wlxx_hal.o
LOAD ./Drivers/stm32wlxx_hal_cortex.o
LOAD ./Drivers/stm32wlxx_hal_dma.o
LOAD ./Drivers/stm32wlxx_hal_dma_ex.o
LOAD ./Drivers/stm32wlxx_hal_exti.o
LOAD ./Drivers/stm32wlxx_hal_flash.o
LOAD ./Drivers/stm32wlxx_hal_flash_ex.o
LOAD ./Drivers/stm32wlxx_hal_gpio.o
LOAD ./Drivers/stm32wlxx_hal_lptim.o
LOAD ./Drivers/stm32wlxx_hal_pwr.o
LOAD ./Drivers/stm32wlxx_hal_pwr_ex.o
LOAD ./Drivers/stm32wlxx_hal_rcc.o
LOAD ./Drivers/stm32wlxx_hal_rcc_ex.o
START GROUP
LOAD c:/st/stm32cubeide_1.11.2/stm32cubeide/plugins/com.st.stm32cube.ide.mcu.externaltools.gnu-tools-for-stm32.10.3-2021.10.win32_1.0.100.202210260954/tools/bin/../lib/gcc/arm-none-eabi/10.3.1/../../../../arm-none-eabi/lib/thumb/v7e-m/nofp\libc_nano.a
LOAD c:/st/stm32cubeide_1.11.2/stm32cubeide/plugins/com.st.stm32cube.ide.mcu.externaltools.gnu-tools-for-stm32.10.3-2021.10.win32_1.0.100.202210260954/tools/bin/../lib/gcc/arm-none-eabi/10.3.1/../../../../arm-none-eabi/lib/thumb/v7e-m/nofp\libm.a
END GROUP
START GROUP
LOAD c:/st/stm32cubeide_1.11.2/stm32cubeide/plugins/com.st.stm32cube.ide.mcu.externaltools.gnu-tools-for-stm32.10.3-2021.10.win32_1.0.100.202210260954/tools/bin/../lib/gcc/arm-none-eabi/10.3.1/thumb/v7e-m/nofp\libgcc.a
LOAD c:/st/stm32cubeide_1.11.2/stm32cubeide/plugins/com.st.stm32cube.ide.mcu.externaltools.gnu-tools-for-stm32.10.3-2021.10.win32_1.0.100.202210260954/tools/bin/../lib/gcc/arm-none-eabi/10.3.1/../../../../arm-none-eabi/lib/thumb/v7e-m/nofp\libc_nano.a
END GROUP
START GROUP
LOAD c:/st/stm32cubeide_1.11.2/stm32cubeide/plugins/com.st.stm32cube.ide.mcu.externaltools.gnu-tools-for-stm32.10.3-2021.10.win32_1.0.100.202210260954/tools/bin/../lib/gcc/arm-none-eabi/10.3.1/thumb/v7e-m/nofp\libgcc.a
LOAD c:/st/stm32cubeide_1.11.2/stm32cubeide/plugins/com.st.stm32cube.ide.mcu.externaltools.gnu-tools-for-stm32.10.3-2021.10.win32_1.0.100.202210260954/tools/bin/../lib/gcc/arm-none-eabi/10.3.1/../../../../arm-none-eabi/lib/thumb/v7e-m/nofp\libc_nano.a
LOAD c:/st/stm32cubeide_1.11.2/stm32cubeide/plugins/com.st.stm32cube.ide.mcu.externaltools.gnu-tools-for-stm32.10.3-2021.10.win32_1.0.100.202210260954/tools/bin/../lib/gcc/arm-none-eabi/10.3.1/../../../../arm-none-eabi/lib/thumb/v7e-m/nofp\libnosys.a
END GROUP
START GROUP
LOAD c:/st/stm32cubeide_1.11.2/stm32cubeide/plugins/com.st.stm32cube.ide.mcu.externaltools.gnu-tools-for-stm32.10.3-2021.10.win32_1.0.100.202210260954/tools/bin/../lib/gcc/arm-none-eabi/10.3.1/thumb/v7e-m/nofp\libgcc.a
LOAD c:/st/stm32cubeide_1.11.2/stm32cubeide/plugins/com.st.stm32cube.ide.mcu.externaltools.gnu-tools-for-stm32.10.3-2021.10.win32_1.0.100.202210260954/tools/bin/../lib/gcc/arm-none-eabi/10.3.1/../../../../arm-none-eabi/lib/thumb/v7e-m/nofp\libc_nano.a
LOAD c:/st/stm32cubeide_1.11.2/stm32cubeide/plugins/com.st.stm32cube.ide.mcu.externaltools.gnu-tools-for-stm32.10.3-2021.10.win32_1.0.100.202210260954/tools/bin/../lib/gcc/arm-none-eabi/10.3.1/../../../../arm-none-eabi/lib/thumb/v7e-m/nofp\libnosys.a
END GROUP
LOAD c:/st/stm32cubeide_1.11.2/stm32cubeide/plugins/com.st.stm32cube.ide.mcu.externaltools.gnu-tools-for-stm32.10.3-2021.10.win32_1.0.100.202210260954/tools/bin/../lib/gcc/arm-none-eabi/10.3.1/thumb/v7e-m/nofp/crtend.o
LOAD c:/st/stm32cubeide_1.11.2/stm32cubeide/plugins/com.st.stm32cube.ide.mcu.externaltools.gnu-tools-for-stm32.10.3-2021.10.win32_1.0.100.202210260954/tools/bin/../lib/gcc/arm-none-eabi/10.3.1/thumb/v7e-m/nofp/crtn.o
                0x0000000020008000                _estack = (ORIGIN (RAM1) + LENGTH (RAM1))
                0x0000000000000200                _Min_Heap_Size = 0x200
                0x0000000000000400                _Min_Stack_Size = 0x400

.isr_vector     0x0000000008000000      0x138
                0x0000000008000000                . = ALIGN (0x4)
 *(.isr_vector)
 .isr_vector    0x0000000008000000      0x138 ./Core/Startup/startup_stm32wle5jcix.o
                0x0000000008000000                g_pfnVectors
                0x0000000008000138                . = ALIGN (0x4)

.text           0x0000000008000138     0x28e0
                0x0000000008000138                . = ALIGN (0x4)
 *(.text)
 .text          0x0000000008000138       0x40 c:/st/stm32cubeide_1.11.2/stm32cubeide/plugins/com.st.stm32cube.ide.mcu.externaltools.gnu-tools-for-stm32.10.3-2021.10.win32_1.0.100.202210260954/tools/bin/../lib/gcc/arm-none-eabi/10.3.1/thumb/v7e-m/nofp/crtbegin.o
 *(.text*)
 .text.LL_AHB2_GRP1_EnableClock
                0x0000000008000178       0x30 ./Core/Src/main.o
 .text.main     0x00000000080001a8       0x40 ./Core/Src/main.o
                0x00000000080001a8                main
 .text.SystemClock_Config
                0x00000000080001e8       0xac ./Core/Src/main.o
                0x00000000080001e8                SystemClock_Config
 .text.MX_LPTIM1_Init
                0x0000000008000294       0x58 ./Core/Src/main.o
 .text.MX_GPIO_Init
                0x00000000080002ec       0x4c ./Core/Src/main.o
 .text.LED_control
                0x0000000008000338       0x24 ./Core/Src/main.o
                0x0000000008000338                LED_control
 .text.Error_Handler
                0x000000000800035c        0xa ./Core/Src/main.o
                0x000000000800035c                Error_Handler
 .text.LL_APB1_GRP1_EnableClock
                0x0000000008000366       0x30 ./Core/Src/stm32wlxx_hal_msp.o
 .text.HAL_MspInit
                0x0000000008000396        0xc ./Core/Src/stm32wlxx_hal_msp.o
                0x0000000008000396                HAL_MspInit
 *fill*         0x00000000080003a2        0x2 
 .text.HAL_LPTIM_MspInit
                0x00000000080003a4       0x68 ./Core/Src/stm32wlxx_hal_msp.o
                0x00000000080003a4                HAL_LPTIM_MspInit
 .text.NMI_Handler
                0x000000000800040c        0x6 ./Core/Src/stm32wlxx_it.o
                0x000000000800040c                NMI_Handler
 .text.HardFault_Handler
                0x0000000008000412        0x6 ./Core/Src/stm32wlxx_it.o
                0x0000000008000412                HardFault_Handler
 .text.MemManage_Handler
                0x0000000008000418        0x6 ./Core/Src/stm32wlxx_it.o
                0x0000000008000418                MemManage_Handler
 .text.BusFault_Handler
                0x000000000800041e        0x6 ./Core/Src/stm32wlxx_it.o
                0x000000000800041e                BusFault_Handler
 .text.UsageFault_Handler
                0x0000000008000424        0x6 ./Core/Src/stm32wlxx_it.o
                0x0000000008000424                UsageFault_Handler
 .text.SVC_Handler
                0x000000000800042a        0xc ./Core/Src/stm32wlxx_it.o
                0x000000000800042a                SVC_Handler
 .text.DebugMon_Handler
                0x0000000008000436        0xc ./Core/Src/stm32wlxx_it.o
                0x0000000008000436                DebugMon_Handler
 .text.PendSV_Handler
                0x0000000008000442        0xc ./Core/Src/stm32wlxx_it.o
                0x0000000008000442                PendSV_Handler
 .text.SysTick_Handler
                0x000000000800044e        0xc ./Core/Src/stm32wlxx_it.o
                0x000000000800044e                SysTick_Handler
 *fill*         0x000000000800045a        0x2 
 .text.LPTIM1_IRQHandler
                0x000000000800045c       0x14 ./Core/Src/stm32wlxx_it.o
                0x000000000800045c                LPTIM1_IRQHandler
 .text.SystemInit
                0x0000000008000470        0xc ./Core/Src/system_stm32wlxx.o
                0x0000000008000470                SystemInit
 .text.Reset_Handler
                0x000000000800047c       0x50 ./Core/Startup/startup_stm32wle5jcix.o
                0x000000000800047c                Reset_Handler
 .text.Default_Handler
                0x00000000080004cc        0x2 ./Core/Startup/startup_stm32wle5jcix.o
                0x00000000080004cc                RTC_Alarm_IRQHandler
                0x00000000080004cc                EXTI2_IRQHandler
                0x00000000080004cc                TIM1_CC_IRQHandler
                0x00000000080004cc                EXTI3_IRQHandler
                0x00000000080004cc                LPTIM2_IRQHandler
                0x00000000080004cc                I2C3_ER_IRQHandler
                0x00000000080004cc                LPTIM3_IRQHandler
                0x00000000080004cc                EXTI0_IRQHandler
                0x00000000080004cc                I2C2_EV_IRQHandler
                0x00000000080004cc                TAMP_STAMP_LSECSS_SSRU_IRQHandler
                0x00000000080004cc                SPI1_IRQHandler
                0x00000000080004cc                DMA2_Channel2_IRQHandler
                0x00000000080004cc                DMA1_Channel4_IRQHandler
                0x00000000080004cc                PKA_IRQHandler
                0x00000000080004cc                TIM17_IRQHandler
                0x00000000080004cc                DMA1_Channel7_IRQHandler
                0x00000000080004cc                SUBGHZSPI_IRQHandler
                0x00000000080004cc                DMA2_Channel1_IRQHandler
                0x00000000080004cc                I2C1_EV_IRQHandler
                0x00000000080004cc                SUBGHZ_Radio_IRQHandler
                0x00000000080004cc                DMAMUX1_OVR_IRQHandler
                0x00000000080004cc                DMA1_Channel6_IRQHandler
                0x00000000080004cc                TIM16_IRQHandler
                0x00000000080004cc                DMA2_Channel4_IRQHandler
                0x00000000080004cc                RCC_IRQHandler
                0x00000000080004cc                TIM1_TRG_COM_IRQHandler
                0x00000000080004cc                DMA1_Channel1_IRQHandler
                0x00000000080004cc                Default_Handler
                0x00000000080004cc                DMA2_Channel7_IRQHandler
                0x00000000080004cc                EXTI15_10_IRQHandler
                0x00000000080004cc                ADC_IRQHandler
                0x00000000080004cc                I2C3_EV_IRQHandler
                0x00000000080004cc                EXTI9_5_IRQHandler
                0x00000000080004cc                RTC_WKUP_IRQHandler
                0x00000000080004cc                PVD_PVM_IRQHandler
                0x00000000080004cc                SPI2_IRQHandler
                0x00000000080004cc                DMA2_Channel5_IRQHandler
                0x00000000080004cc                DMA1_Channel5_IRQHandler
                0x00000000080004cc                EXTI4_IRQHandler
                0x00000000080004cc                RNG_IRQHandler
                0x00000000080004cc                DMA1_Channel3_IRQHandler
                0x00000000080004cc                COMP_IRQHandler
                0x00000000080004cc                HSEM_IRQHandler
                0x00000000080004cc                TIM1_UP_IRQHandler
                0x00000000080004cc                WWDG_IRQHandler
                0x00000000080004cc                LPUART1_IRQHandler
                0x00000000080004cc                DMA2_Channel6_IRQHandler
                0x00000000080004cc                TIM2_IRQHandler
                0x00000000080004cc                TIM1_BRK_IRQHandler
                0x00000000080004cc                DAC_IRQHandler
                0x00000000080004cc                EXTI1_IRQHandler
                0x00000000080004cc                AES_IRQHandler
                0x00000000080004cc                USART2_IRQHandler
                0x00000000080004cc                I2C2_ER_IRQHandler
                0x00000000080004cc                DMA1_Channel2_IRQHandler
                0x00000000080004cc                FLASH_IRQHandler
                0x00000000080004cc                USART1_IRQHandler
                0x00000000080004cc                I2C1_ER_IRQHandler
                0x00000000080004cc                DMA2_Channel3_IRQHandler
 *fill*         0x00000000080004ce        0x2 
 .text.HAL_Init
                0x00000000080004d0       0x40 ./Drivers/stm32wlxx_hal.o
                0x00000000080004d0                HAL_Init
 .text.HAL_InitTick
                0x0000000008000510       0x74 ./Drivers/stm32wlxx_hal.o
                0x0000000008000510                HAL_InitTick
 .text.HAL_IncTick
                0x0000000008000584       0x24 ./Drivers/stm32wlxx_hal.o
                0x0000000008000584                HAL_IncTick
 .text.HAL_GetTick
                0x00000000080005a8       0x14 ./Drivers/stm32wlxx_hal.o
                0x00000000080005a8                HAL_GetTick
 .text.HAL_Delay
                0x00000000080005bc       0x48 ./Drivers/stm32wlxx_hal.o
                0x00000000080005bc                HAL_Delay
 .text.__NVIC_SetPriorityGrouping
                0x0000000008000604       0x48 ./Drivers/stm32wlxx_hal_cortex.o
 .text.__NVIC_GetPriorityGrouping
                0x000000000800064c       0x1c ./Drivers/stm32wlxx_hal_cortex.o
 .text.__NVIC_EnableIRQ
                0x0000000008000668       0x38 ./Drivers/stm32wlxx_hal_cortex.o
 .text.__NVIC_SetPriority
                0x00000000080006a0       0x54 ./Drivers/stm32wlxx_hal_cortex.o
 .text.NVIC_EncodePriority
                0x00000000080006f4       0x64 ./Drivers/stm32wlxx_hal_cortex.o
 .text.SysTick_Config
                0x0000000008000758       0x44 ./Drivers/stm32wlxx_hal_cortex.o
 .text.HAL_NVIC_SetPriorityGrouping
                0x000000000800079c       0x16 ./Drivers/stm32wlxx_hal_cortex.o
                0x000000000800079c                HAL_NVIC_SetPriorityGrouping
 .text.HAL_NVIC_SetPriority
                0x00000000080007b2       0x34 ./Drivers/stm32wlxx_hal_cortex.o
                0x00000000080007b2                HAL_NVIC_SetPriority
 .text.HAL_NVIC_EnableIRQ
                0x00000000080007e6       0x1c ./Drivers/stm32wlxx_hal_cortex.o
                0x00000000080007e6                HAL_NVIC_EnableIRQ
 .text.HAL_SYSTICK_Config
                0x0000000008000802       0x18 ./Drivers/stm32wlxx_hal_cortex.o
                0x0000000008000802                HAL_SYSTICK_Config
 *fill*         0x000000000800081a        0x2 
 .text.HAL_GPIO_Init
                0x000000000800081c      0x2c0 ./Drivers/stm32wlxx_hal_gpio.o
                0x000000000800081c                HAL_GPIO_Init
 .text.HAL_GPIO_WritePin
                0x0000000008000adc       0x2e ./Drivers/stm32wlxx_hal_gpio.o
                0x0000000008000adc                HAL_GPIO_WritePin
 .text.LL_RCC_SetLPTIMClockSource
                0x0000000008000b0a       0x32 ./Drivers/stm32wlxx_hal_lptim.o
 .text.LL_RCC_GetLPTIMClockSource
                0x0000000008000b3c       0x24 ./Drivers/stm32wlxx_hal_lptim.o
 .text.LL_APB1_GRP1_ForceReset
                0x0000000008000b60       0x22 ./Drivers/stm32wlxx_hal_lptim.o
 .text.LL_APB1_GRP2_ForceReset
                0x0000000008000b82       0x22 ./Drivers/stm32wlxx_hal_lptim.o
 .text.LL_APB1_GRP1_ReleaseReset
                0x0000000008000ba4       0x24 ./Drivers/stm32wlxx_hal_lptim.o
 .text.LL_APB1_GRP2_ReleaseReset
                0x0000000008000bc8       0x24 ./Drivers/stm32wlxx_hal_lptim.o
 .text.HAL_LPTIM_Init
                0x0000000008000bec      0x190 ./Drivers/stm32wlxx_hal_lptim.o
                0x0000000008000bec                HAL_LPTIM_Init
 .text.HAL_LPTIM_Counter_Start_IT
                0x0000000008000d7c      0x144 ./Drivers/stm32wlxx_hal_lptim.o
                0x0000000008000d7c                HAL_LPTIM_Counter_Start_IT
 .text.HAL_LPTIM_IRQHandler
                0x0000000008000ec0      0x190 ./Drivers/stm32wlxx_hal_lptim.o
                0x0000000008000ec0                HAL_LPTIM_IRQHandler
 .text.HAL_LPTIM_CompareMatchCallback
                0x0000000008001050       0x12 ./Drivers/stm32wlxx_hal_lptim.o
                0x0000000008001050                HAL_LPTIM_CompareMatchCallback
 .text.HAL_LPTIM_AutoReloadMatchCallback
                0x0000000008001062       0x12 ./Drivers/stm32wlxx_hal_lptim.o
                0x0000000008001062                HAL_LPTIM_AutoReloadMatchCallback
 .text.HAL_LPTIM_TriggerCallback
                0x0000000008001074       0x12 ./Drivers/stm32wlxx_hal_lptim.o
                0x0000000008001074                HAL_LPTIM_TriggerCallback
 .text.HAL_LPTIM_CompareWriteCallback
                0x0000000008001086       0x12 ./Drivers/stm32wlxx_hal_lptim.o
                0x0000000008001086                HAL_LPTIM_CompareWriteCallback
 .text.HAL_LPTIM_AutoReloadWriteCallback
                0x0000000008001098       0x12 ./Drivers/stm32wlxx_hal_lptim.o
                0x0000000008001098                HAL_LPTIM_AutoReloadWriteCallback
 .text.HAL_LPTIM_DirectionUpCallback
                0x00000000080010aa       0x12 ./Drivers/stm32wlxx_hal_lptim.o
                0x00000000080010aa                HAL_LPTIM_DirectionUpCallback
 .text.HAL_LPTIM_DirectionDownCallback
                0x00000000080010bc       0x12 ./Drivers/stm32wlxx_hal_lptim.o
                0x00000000080010bc                HAL_LPTIM_DirectionDownCallback
 .text.HAL_LPTIM_UpdateEventCallback
                0x00000000080010ce       0x12 ./Drivers/stm32wlxx_hal_lptim.o
                0x00000000080010ce                HAL_LPTIM_UpdateEventCallback
 .text.HAL_LPTIM_RepCounterWriteCallback
                0x00000000080010e0       0x12 ./Drivers/stm32wlxx_hal_lptim.o
                0x00000000080010e0                HAL_LPTIM_RepCounterWriteCallback
 .text.HAL_LPTIM_GetState
                0x00000000080010f2       0x1a ./Drivers/stm32wlxx_hal_lptim.o
                0x00000000080010f2                HAL_LPTIM_GetState
 .text.LPTIM_WaitForFlag
                0x000000000800110c       0x60 ./Drivers/stm32wlxx_hal_lptim.o
 .text.LPTIM_Disable
                0x000000000800116c      0x258 ./Drivers/stm32wlxx_hal_lptim.o
                0x000000000800116c                LPTIM_Disable
 .text.HAL_PWR_EnableBkUpAccess
                0x00000000080013c4       0x1c ./Drivers/stm32wlxx_hal_pwr.o
                0x00000000080013c4                HAL_PWR_EnableBkUpAccess
 .text.HAL_PWREx_GetVoltageRange
                0x00000000080013e0       0x18 ./Drivers/stm32wlxx_hal_pwr_ex.o
                0x00000000080013e0                HAL_PWREx_GetVoltageRange
 .text.HAL_PWREx_EnterSTOP2Mode
                0x00000000080013f8       0x54 ./Drivers/stm32wlxx_hal_pwr_ex.o
                0x00000000080013f8                HAL_PWREx_EnterSTOP2Mode
 .text.LL_PWR_IsEnabledBkUpAccess
                0x000000000800144c       0x24 ./Drivers/stm32wlxx_hal_rcc.o
 .text.LL_RCC_HSE_EnableTcxo
                0x0000000008001470       0x1c ./Drivers/stm32wlxx_hal_rcc.o
 .text.LL_RCC_HSE_DisableTcxo
                0x000000000800148c       0x1c ./Drivers/stm32wlxx_hal_rcc.o
 .text.LL_RCC_HSE_IsEnabledDiv2
                0x00000000080014a8       0x22 ./Drivers/stm32wlxx_hal_rcc.o
 .text.LL_RCC_HSE_Enable
                0x00000000080014ca       0x1c ./Drivers/stm32wlxx_hal_rcc.o
 .text.LL_RCC_HSE_Disable
                0x00000000080014e6       0x1c ./Drivers/stm32wlxx_hal_rcc.o
 .text.LL_RCC_HSE_IsReady
                0x0000000008001502       0x22 ./Drivers/stm32wlxx_hal_rcc.o
 .text.LL_RCC_HSI_Enable
                0x0000000008001524       0x1c ./Drivers/stm32wlxx_hal_rcc.o
 .text.LL_RCC_HSI_Disable
                0x0000000008001540       0x1c ./Drivers/stm32wlxx_hal_rcc.o
 .text.LL_RCC_HSI_IsReady
                0x000000000800155c       0x22 ./Drivers/stm32wlxx_hal_rcc.o
 .text.LL_RCC_HSI_SetCalibTrimming
                0x000000000800157e       0x28 ./Drivers/stm32wlxx_hal_rcc.o
 .text.LL_RCC_LSE_IsReady
                0x00000000080015a6       0x22 ./Drivers/stm32wlxx_hal_rcc.o
 .text.LL_RCC_LSI_Enable
                0x00000000080015c8       0x20 ./Drivers/stm32wlxx_hal_rcc.o
 .text.LL_RCC_LSI_Disable
                0x00000000080015e8       0x20 ./Drivers/stm32wlxx_hal_rcc.o
 .text.LL_RCC_LSI_IsReady
                0x0000000008001608       0x22 ./Drivers/stm32wlxx_hal_rcc.o
 .text.LL_RCC_MSI_Enable
                0x000000000800162a       0x1c ./Drivers/stm32wlxx_hal_rcc.o
 .text.LL_RCC_MSI_Disable
                0x0000000008001646       0x1c ./Drivers/stm32wlxx_hal_rcc.o
 .text.LL_RCC_MSI_IsReady
                0x0000000008001662       0x20 ./Drivers/stm32wlxx_hal_rcc.o
 .text.LL_RCC_MSI_IsEnabledRangeSelect
                0x0000000008001682       0x20 ./Drivers/stm32wlxx_hal_rcc.o
 .text.LL_RCC_MSI_GetRange
                0x00000000080016a2       0x16 ./Drivers/stm32wlxx_hal_rcc.o
 .text.LL_RCC_MSI_GetRangeAfterStandby
                0x00000000080016b8       0x18 ./Drivers/stm32wlxx_hal_rcc.o
 .text.LL_RCC_MSI_SetCalibTrimming
                0x00000000080016d0       0x28 ./Drivers/stm32wlxx_hal_rcc.o
 .text.LL_RCC_SetSysClkSource
                0x00000000080016f8       0x26 ./Drivers/stm32wlxx_hal_rcc.o
 .text.LL_RCC_GetSysClkSource
                0x000000000800171e       0x16 ./Drivers/stm32wlxx_hal_rcc.o
 .text.LL_RCC_SetAHBPrescaler
                0x0000000008001734       0x26 ./Drivers/stm32wlxx_hal_rcc.o
 .text.LL_RCC_SetAHB3Prescaler
                0x000000000800175a       0x2c ./Drivers/stm32wlxx_hal_rcc.o
 .text.LL_RCC_SetAPB1Prescaler
                0x0000000008001786       0x26 ./Drivers/stm32wlxx_hal_rcc.o
 .text.LL_RCC_SetAPB2Prescaler
                0x00000000080017ac       0x26 ./Drivers/stm32wlxx_hal_rcc.o
 .text.LL_RCC_GetAHBPrescaler
                0x00000000080017d2       0x16 ./Drivers/stm32wlxx_hal_rcc.o
 .text.LL_RCC_GetAHB3Prescaler
                0x00000000080017e8       0x1a ./Drivers/stm32wlxx_hal_rcc.o
 .text.LL_RCC_PLL_Enable
                0x0000000008001802       0x1c ./Drivers/stm32wlxx_hal_rcc.o
 .text.LL_RCC_PLL_Disable
                0x000000000800181e       0x1c ./Drivers/stm32wlxx_hal_rcc.o
 .text.LL_RCC_PLL_IsReady
                0x000000000800183a       0x22 ./Drivers/stm32wlxx_hal_rcc.o
 .text.LL_RCC_PLL_GetN
                0x000000000800185c       0x18 ./Drivers/stm32wlxx_hal_rcc.o
 .text.LL_RCC_PLL_GetR
                0x0000000008001874       0x16 ./Drivers/stm32wlxx_hal_rcc.o
 .text.LL_RCC_PLL_GetDivider
                0x000000000800188a       0x16 ./Drivers/stm32wlxx_hal_rcc.o
 .text.LL_RCC_PLL_GetMainSource
                0x00000000080018a0       0x16 ./Drivers/stm32wlxx_hal_rcc.o
 .text.LL_RCC_IsActiveFlag_HPRE
                0x00000000080018b6       0x22 ./Drivers/stm32wlxx_hal_rcc.o
 .text.LL_RCC_IsActiveFlag_SHDHPRE
                0x00000000080018d8       0x24 ./Drivers/stm32wlxx_hal_rcc.o
 .text.LL_RCC_IsActiveFlag_PPRE1
                0x00000000080018fc       0x22 ./Drivers/stm32wlxx_hal_rcc.o
 .text.LL_RCC_IsActiveFlag_PPRE2
                0x000000000800191e       0x22 ./Drivers/stm32wlxx_hal_rcc.o
 .text.HAL_RCC_OscConfig
                0x0000000008001940      0x738 ./Drivers/stm32wlxx_hal_rcc.o
                0x0000000008001940                HAL_RCC_OscConfig
 .text.HAL_RCC_ClockConfig
                0x0000000008002078      0x248 ./Drivers/stm32wlxx_hal_rcc.o
                0x0000000008002078                HAL_RCC_ClockConfig
 .text.HAL_RCC_GetSysClockFreq
                0x00000000080022c0      0x140 ./Drivers/stm32wlxx_hal_rcc.o
                0x00000000080022c0                HAL_RCC_GetSysClockFreq
 .text.HAL_RCC_GetHCLKFreq
                0x0000000008002400       0x28 ./Drivers/stm32wlxx_hal_rcc.o
                0x0000000008002400                HAL_RCC_GetHCLKFreq
 .text.RCC_SetFlashLatencyFromMSIRange
                0x0000000008002428       0x60 ./Drivers/stm32wlxx_hal_rcc.o
 .text.RCC_SetFlashLatency
                0x0000000008002488      0x104 ./Drivers/stm32wlxx_hal_rcc.o
 .text.LL_RCC_LSE_IsReady
                0x000000000800258c       0x22 ./Drivers/stm32wlxx_hal_rcc_ex.o
 .text.LL_RCC_SetUSARTClockSource
                0x00000000080025ae       0x30 ./Drivers/stm32wlxx_hal_rcc_ex.o
 .text.LL_RCC_SetI2SClockSource
                0x00000000080025de       0x2a ./Drivers/stm32wlxx_hal_rcc_ex.o
 .text.LL_RCC_SetLPUARTClockSource
                0x0000000008002608       0x2a ./Drivers/stm32wlxx_hal_rcc_ex.o
 .text.LL_RCC_SetI2CClockSource
                0x0000000008002632       0x38 ./Drivers/stm32wlxx_hal_rcc_ex.o
 .text.LL_RCC_SetLPTIMClockSource
                0x000000000800266a       0x32 ./Drivers/stm32wlxx_hal_rcc_ex.o
 .text.LL_RCC_SetRNGClockSource
                0x000000000800269c       0x2a ./Drivers/stm32wlxx_hal_rcc_ex.o
 .text.LL_RCC_SetADCClockSource
                0x00000000080026c6       0x2a ./Drivers/stm32wlxx_hal_rcc_ex.o
 .text.LL_RCC_SetRTCClockSource
                0x00000000080026f0       0x2a ./Drivers/stm32wlxx_hal_rcc_ex.o
 .text.LL_RCC_GetRTCClockSource
                0x000000000800271a       0x18 ./Drivers/stm32wlxx_hal_rcc_ex.o
 .text.LL_RCC_ForceBackupDomainReset
                0x0000000008002732       0x20 ./Drivers/stm32wlxx_hal_rcc_ex.o
 .text.LL_RCC_ReleaseBackupDomainReset
                0x0000000008002752       0x20 ./Drivers/stm32wlxx_hal_rcc_ex.o
 *fill*         0x0000000008002772        0x2 
 .text.HAL_RCCEx_PeriphCLKConfig
                0x0000000008002774      0x234 ./Drivers/stm32wlxx_hal_rcc_ex.o
                0x0000000008002774                HAL_RCCEx_PeriphCLKConfig
 .text.__libc_init_array
                0x00000000080029a8       0x48 c:/st/stm32cubeide_1.11.2/stm32cubeide/plugins/com.st.stm32cube.ide.mcu.externaltools.gnu-tools-for-stm32.10.3-2021.10.win32_1.0.100.202210260954/tools/bin/../lib/gcc/arm-none-eabi/10.3.1/../../../../arm-none-eabi/lib/thumb/v7e-m/nofp\libc_nano.a(lib_a-init.o)
                0x00000000080029a8                __libc_init_array
 .text.memset   0x00000000080029f0       0x10 c:/st/stm32cubeide_1.11.2/stm32cubeide/plugins/com.st.stm32cube.ide.mcu.externaltools.gnu-tools-for-stm32.10.3-2021.10.win32_1.0.100.202210260954/tools/bin/../lib/gcc/arm-none-eabi/10.3.1/../../../../arm-none-eabi/lib/thumb/v7e-m/nofp\libc_nano.a(lib_a-memset.o)
                0x00000000080029f0                memset
 *(.glue_7)
 .glue_7        0x0000000008002a00        0x0 linker stubs
 *(.glue_7t)
 .glue_7t       0x0000000008002a00        0x0 linker stubs
 *(.eh_frame)
 .eh_frame      0x0000000008002a00        0x0 c:/st/stm32cubeide_1.11.2/stm32cubeide/plugins/com.st.stm32cube.ide.mcu.externaltools.gnu-tools-for-stm32.10.3-2021.10.win32_1.0.100.202210260954/tools/bin/../lib/gcc/arm-none-eabi/10.3.1/thumb/v7e-m/nofp/crtbegin.o
 *(.init)
 .init          0x0000000008002a00        0x4 c:/st/stm32cubeide_1.11.2/stm32cubeide/plugins/com.st.stm32cube.ide.mcu.externaltools.gnu-tools-for-stm32.10.3-2021.10.win32_1.0.100.202210260954/tools/bin/../lib/gcc/arm-none-eabi/10.3.1/thumb/v7e-m/nofp/crti.o
                0x0000000008002a00                _init
 .init          0x0000000008002a04        0x8 c:/st/stm32cubeide_1.11.2/stm32cubeide/plugins/com.st.stm32cube.ide.mcu.externaltools.gnu-tools-for-stm32.10.3-2021.10.win32_1.0.100.202210260954/tools/bin/../lib/gcc/arm-none-eabi/10.3.1/thumb/v7e-m/nofp/crtn.o
 *(.fini)
 .fini          0x0000000008002a0c        0x4 c:/st/stm32cubeide_1.11.2/stm32cubeide/plugins/com.st.stm32cube.ide.mcu.externaltools.gnu-tools-for-stm32.10.3-2021.10.win32_1.0.100.202210260954/tools/bin/../lib/gcc/arm-none-eabi/10.3.1/thumb/v7e-m/nofp/crti.o
                0x0000000008002a0c                _fini
 .fini          0x0000000008002a10        0x8 c:/st/stm32cubeide_1.11.2/stm32cubeide/plugins/com.st.stm32cube.ide.mcu.externaltools.gnu-tools-for-stm32.10.3-2021.10.win32_1.0.100.202210260954/tools/bin/../lib/gcc/arm-none-eabi/10.3.1/thumb/v7e-m/nofp/crtn.o
                0x0000000008002a18                . = ALIGN (0x4)
                0x0000000008002a18                _etext = .

.vfp11_veneer   0x0000000008002a18        0x0
 .vfp11_veneer  0x0000000008002a18        0x0 linker stubs

.v4_bx          0x0000000008002a18        0x0
 .v4_bx         0x0000000008002a18        0x0 linker stubs

.iplt           0x0000000008002a18        0x0
 .iplt          0x0000000008002a18        0x0 c:/st/stm32cubeide_1.11.2/stm32cubeide/plugins/com.st.stm32cube.ide.mcu.externaltools.gnu-tools-for-stm32.10.3-2021.10.win32_1.0.100.202210260954/tools/bin/../lib/gcc/arm-none-eabi/10.3.1/thumb/v7e-m/nofp/crtbegin.o

.rodata         0x0000000008002a18       0x9c
                0x0000000008002a18                . = ALIGN (0x4)
 *(.rodata)
 .rodata        0x0000000008002a18       0x1c ./Drivers/stm32wlxx_hal_rcc.o
 *(.rodata*)
 .rodata.AHBPrescTable
                0x0000000008002a34       0x40 ./Core/Src/system_stm32wlxx.o
                0x0000000008002a34                AHBPrescTable
 .rodata.MSIRangeTable
                0x0000000008002a74       0x40 ./Core/Src/system_stm32wlxx.o
                0x0000000008002a74                MSIRangeTable
                0x0000000008002ab4                . = ALIGN (0x4)

.rel.dyn        0x0000000008002ab4        0x0
 .rel.iplt      0x0000000008002ab4        0x0 c:/st/stm32cubeide_1.11.2/stm32cubeide/plugins/com.st.stm32cube.ide.mcu.externaltools.gnu-tools-for-stm32.10.3-2021.10.win32_1.0.100.202210260954/tools/bin/../lib/gcc/arm-none-eabi/10.3.1/thumb/v7e-m/nofp/crtbegin.o

.ARM.extab      0x0000000008002ab4        0x0
                0x0000000008002ab4                . = ALIGN (0x4)
 *(.ARM.extab* .gnu.linkonce.armextab.*)
                0x0000000008002ab4                . = ALIGN (0x4)

.ARM            0x0000000008002ab4        0x0
                0x0000000008002ab4                . = ALIGN (0x4)
                0x0000000008002ab4                __exidx_start = .
 *(.ARM.exidx*)
                0x0000000008002ab4                __exidx_end = .
                0x0000000008002ab4                . = ALIGN (0x4)

.preinit_array  0x0000000008002ab4        0x0
                0x0000000008002ab4                . = ALIGN (0x4)
                0x0000000008002ab4                PROVIDE (__preinit_array_start = .)
 *(.preinit_array*)
                0x0000000008002ab4                PROVIDE (__preinit_array_end = .)
                0x0000000008002ab4                . = ALIGN (0x4)

.init_array     0x0000000008002ab4        0x4
                0x0000000008002ab4                . = ALIGN (0x4)
                0x0000000008002ab4                PROVIDE (__init_array_start = .)
 *(SORT_BY_NAME(.init_array.*))
 *(.init_array*)
 .init_array    0x0000000008002ab4        0x4 c:/st/stm32cubeide_1.11.2/stm32cubeide/plugins/com.st.stm32cube.ide.mcu.externaltools.gnu-tools-for-stm32.10.3-2021.10.win32_1.0.100.202210260954/tools/bin/../lib/gcc/arm-none-eabi/10.3.1/thumb/v7e-m/nofp/crtbegin.o
                0x0000000008002ab8                PROVIDE (__init_array_end = .)
                0x0000000008002ab8                . = ALIGN (0x4)

.fini_array     0x0000000008002ab8        0x4
                0x0000000008002ab8                . = ALIGN (0x4)
                [!provide]                        PROVIDE (__fini_array_start = .)
 *(SORT_BY_NAME(.fini_array.*))
 *(.fini_array*)
 .fini_array    0x0000000008002ab8        0x4 c:/st/stm32cubeide_1.11.2/stm32cubeide/plugins/com.st.stm32cube.ide.mcu.externaltools.gnu-tools-for-stm32.10.3-2021.10.win32_1.0.100.202210260954/tools/bin/../lib/gcc/arm-none-eabi/10.3.1/thumb/v7e-m/nofp/crtbegin.o
                [!provide]                        PROVIDE (__fini_array_end = .)
                0x0000000008002abc                . = ALIGN (0x4)
                0x0000000008002abc                _sidata = LOADADDR (.data)

.data           0x0000000020000000        0xc load address 0x0000000008002abc
                0x0000000020000000                . = ALIGN (0x4)
                0x0000000020000000                _sdata = .
 *(.data)
 *(.data*)
 .data.SystemCoreClock
                0x0000000020000000        0x4 ./Core/Src/system_stm32wlxx.o
                0x0000000020000000                SystemCoreClock
 .data.uwTickPrio
                0x0000000020000004        0x4 ./Drivers/stm32wlxx_hal.o
                0x0000000020000004                uwTickPrio
 .data.uwTickFreq
                0x0000000020000008        0x1 ./Drivers/stm32wlxx_hal.o
                0x0000000020000008                uwTickFreq
 *(.RamFunc)
 *(.RamFunc*)
                0x000000002000000c                . = ALIGN (0x4)
 *fill*         0x0000000020000009        0x3 
                0x000000002000000c                _edata = .

.igot.plt       0x000000002000000c        0x0 load address 0x0000000008002ac8
 .igot.plt      0x000000002000000c        0x0 c:/st/stm32cubeide_1.11.2/stm32cubeide/plugins/com.st.stm32cube.ide.mcu.externaltools.gnu-tools-for-stm32.10.3-2021.10.win32_1.0.100.202210260954/tools/bin/../lib/gcc/arm-none-eabi/10.3.1/thumb/v7e-m/nofp/crtbegin.o
                0x000000002000000c                . = ALIGN (0x4)

.bss            0x000000002000000c       0x5c load address 0x0000000008002ac8
                0x000000002000000c                _sbss = .
                0x000000002000000c                __bss_start__ = _sbss
 *(.bss)
 .bss           0x000000002000000c       0x1c c:/st/stm32cubeide_1.11.2/stm32cubeide/plugins/com.st.stm32cube.ide.mcu.externaltools.gnu-tools-for-stm32.10.3-2021.10.win32_1.0.100.202210260954/tools/bin/../lib/gcc/arm-none-eabi/10.3.1/thumb/v7e-m/nofp/crtbegin.o
 *(.bss*)
 .bss.hlptim1   0x0000000020000028       0x3c ./Core/Src/main.o
                0x0000000020000028                hlptim1
 .bss.uwTick    0x0000000020000064        0x4 ./Drivers/stm32wlxx_hal.o
                0x0000000020000064                uwTick
 *(COMMON)
                0x0000000020000068                . = ALIGN (0x4)
                0x0000000020000068                _ebss = .
                0x0000000020000068                __bss_end__ = _ebss

._user_heap_stack
                0x0000000020000068      0x600 load address 0x0000000008002ac8
                0x0000000020000068                . = ALIGN (0x8)
                [!provide]                        PROVIDE (end = .)
                0x0000000020000068                PROVIDE (_end = .)
                0x0000000020000268                . = (. + _Min_Heap_Size)
 *fill*         0x0000000020000068      0x200 
                0x0000000020000668                . = (. + _Min_Stack_Size)
 *fill*         0x0000000020000268      0x400 
                0x0000000020000668                . = ALIGN (0x8)

/DISCARD/
 libc.a(*)
 libm.a(*)
 libgcc.a(*)

.ARM.attributes
                0x0000000000000000       0x2a
 *(.ARM.attributes)
 .ARM.attributes
                0x0000000000000000       0x1e c:/st/stm32cubeide_1.11.2/stm32cubeide/plugins/com.st.stm32cube.ide.mcu.externaltools.gnu-tools-for-stm32.10.3-2021.10.win32_1.0.100.202210260954/tools/bin/../lib/gcc/arm-none-eabi/10.3.1/thumb/v7e-m/nofp/crti.o
 .ARM.attributes
                0x000000000000001e       0x2e c:/st/stm32cubeide_1.11.2/stm32cubeide/plugins/com.st.stm32cube.ide.mcu.externaltools.gnu-tools-for-stm32.10.3-2021.10.win32_1.0.100.202210260954/tools/bin/../lib/gcc/arm-none-eabi/10.3.1/thumb/v7e-m/nofp/crtbegin.o
 .ARM.attributes
                0x000000000000004c       0x2e ./Core/Src/main.o
 .ARM.attributes
                0x000000000000007a       0x2e ./Core/Src/stm32wlxx_hal_msp.o
 .ARM.attributes
                0x00000000000000a8       0x2e ./Core/Src/stm32wlxx_it.o
 .ARM.attributes
                0x00000000000000d6       0x2e ./Core/Src/system_stm32wlxx.o
 .ARM.attributes
                0x0000000000000104       0x21 ./Core/Startup/startup_stm32wle5jcix.o
 .ARM.attributes
                0x0000000000000125       0x2e ./Drivers/stm32wlxx_hal.o
 .ARM.attributes
                0x0000000000000153       0x2e ./Drivers/stm32wlxx_hal_cortex.o
 .ARM.attributes
                0x0000000000000181       0x2e ./Drivers/stm32wlxx_hal_gpio.o
 .ARM.attributes
                0x00000000000001af       0x2e ./Drivers/stm32wlxx_hal_lptim.o
 .ARM.attributes
                0x00000000000001dd       0x2e ./Drivers/stm32wlxx_hal_pwr.o
 .ARM.attributes
                0x000000000000020b       0x2e ./Drivers/stm32wlxx_hal_pwr_ex.o
 .ARM.attributes
                0x0000000000000239       0x2e ./Drivers/stm32wlxx_hal_rcc.o
 .ARM.attributes
                0x0000000000000267       0x2e ./Drivers/stm32wlxx_hal_rcc_ex.o
 .ARM.attributes
                0x0000000000000295       0x2e c:/st/stm32cubeide_1.11.2/stm32cubeide/plugins/com.st.stm32cube.ide.mcu.externaltools.gnu-tools-for-stm32.10.3-2021.10.win32_1.0.100.202210260954/tools/bin/../lib/gcc/arm-none-eabi/10.3.1/../../../../arm-none-eabi/lib/thumb/v7e-m/nofp\libc_nano.a(lib_a-init.o)
 .ARM.attributes
                0x00000000000002c3       0x2e c:/st/stm32cubeide_1.11.2/stm32cubeide/plugins/com.st.stm32cube.ide.mcu.externaltools.gnu-tools-for-stm32.10.3-2021.10.win32_1.0.100.202210260954/tools/bin/../lib/gcc/arm-none-eabi/10.3.1/../../../../arm-none-eabi/lib/thumb/v7e-m/nofp\libc_nano.a(lib_a-memset.o)
 .ARM.attributes
                0x00000000000002f1       0x1e c:/st/stm32cubeide_1.11.2/stm32cubeide/plugins/com.st.stm32cube.ide.mcu.externaltools.gnu-tools-for-stm32.10.3-2021.10.win32_1.0.100.202210260954/tools/bin/../lib/gcc/arm-none-eabi/10.3.1/thumb/v7e-m/nofp/crtn.o
OUTPUT(LowPower.elf elf32-littlearm)
LOAD linker stubs
LOAD c:/st/stm32cubeide_1.11.2/stm32cubeide/plugins/com.st.stm32cube.ide.mcu.externaltools.gnu-tools-for-stm32.10.3-2021.10.win32_1.0.100.202210260954/tools/bin/../lib/gcc/arm-none-eabi/10.3.1/../../../../arm-none-eabi/lib/thumb/v7e-m/nofp\libc.a
LOAD c:/st/stm32cubeide_1.11.2/stm32cubeide/plugins/com.st.stm32cube.ide.mcu.externaltools.gnu-tools-for-stm32.10.3-2021.10.win32_1.0.100.202210260954/tools/bin/../lib/gcc/arm-none-eabi/10.3.1/../../../../arm-none-eabi/lib/thumb/v7e-m/nofp\libm.a
LOAD c:/st/stm32cubeide_1.11.2/stm32cubeide/plugins/com.st.stm32cube.ide.mcu.externaltools.gnu-tools-for-stm32.10.3-2021.10.win32_1.0.100.202210260954/tools/bin/../lib/gcc/arm-none-eabi/10.3.1/thumb/v7e-m/nofp\libgcc.a

.debug_info     0x0000000000000000     0x8d32
 .debug_info    0x0000000000000000      0xc8e ./Core/Src/main.o
 .debug_info    0x0000000000000c8e      0x9b5 ./Core/Src/stm32wlxx_hal_msp.o
 .debug_info    0x0000000000001643      0x487 ./Core/Src/stm32wlxx_it.o
 .debug_info    0x0000000000001aca      0x452 ./Core/Src/system_stm32wlxx.o
 .debug_info    0x0000000000001f1c       0x22 ./Core/Startup/startup_stm32wle5jcix.o
 .debug_info    0x0000000000001f3e      0xf14 ./Drivers/stm32wlxx_hal.o
 .debug_info    0x0000000000002e52      0xdb1 ./Drivers/stm32wlxx_hal_cortex.o
 .debug_info    0x0000000000003c03      0x680 ./Drivers/stm32wlxx_hal_gpio.o
 .debug_info    0x0000000000004283     0x1201 ./Drivers/stm32wlxx_hal_lptim.o
 .debug_info    0x0000000000005484      0x881 ./Drivers/stm32wlxx_hal_pwr.o
 .debug_info    0x0000000000005d05      0xd26 ./Drivers/stm32wlxx_hal_pwr_ex.o
 .debug_info    0x0000000000006a2b     0x1295 ./Drivers/stm32wlxx_hal_rcc.o
 .debug_info    0x0000000000007cc0     0x1072 ./Drivers/stm32wlxx_hal_rcc_ex.o

.debug_abbrev   0x0000000000000000     0x1bfb
 .debug_abbrev  0x0000000000000000      0x29a ./Core/Src/main.o
 .debug_abbrev  0x000000000000029a      0x1fc ./Core/Src/stm32wlxx_hal_msp.o
 .debug_abbrev  0x0000000000000496      0x168 ./Core/Src/stm32wlxx_it.o
 .debug_abbrev  0x00000000000005fe      0x138 ./Core/Src/system_stm32wlxx.o
 .debug_abbrev  0x0000000000000736       0x12 ./Core/Startup/startup_stm32wle5jcix.o
 .debug_abbrev  0x0000000000000748      0x30b ./Drivers/stm32wlxx_hal.o
 .debug_abbrev  0x0000000000000a53      0x2d5 ./Drivers/stm32wlxx_hal_cortex.o
 .debug_abbrev  0x0000000000000d28      0x1d9 ./Drivers/stm32wlxx_hal_gpio.o
 .debug_abbrev  0x0000000000000f01      0x24b ./Drivers/stm32wlxx_hal_lptim.o
 .debug_abbrev  0x000000000000114c      0x203 ./Drivers/stm32wlxx_hal_pwr.o
 .debug_abbrev  0x000000000000134f      0x2cd ./Drivers/stm32wlxx_hal_pwr_ex.o
 .debug_abbrev  0x000000000000161c      0x308 ./Drivers/stm32wlxx_hal_rcc.o
 .debug_abbrev  0x0000000000001924      0x2d7 ./Drivers/stm32wlxx_hal_rcc_ex.o

.debug_aranges  0x0000000000000000      0xd38
 .debug_aranges
                0x0000000000000000       0x50 ./Core/Src/main.o
 .debug_aranges
                0x0000000000000050       0x40 ./Core/Src/stm32wlxx_hal_msp.o
 .debug_aranges
                0x0000000000000090       0x68 ./Core/Src/stm32wlxx_it.o
 .debug_aranges
                0x00000000000000f8       0x28 ./Core/Src/system_stm32wlxx.o
 .debug_aranges
                0x0000000000000120       0x28 ./Core/Startup/startup_stm32wle5jcix.o
 .debug_aranges
                0x0000000000000148      0x210 ./Drivers/stm32wlxx_hal.o
 .debug_aranges
                0x0000000000000358      0x118 ./Drivers/stm32wlxx_hal_cortex.o
 .debug_aranges
                0x0000000000000470       0x58 ./Drivers/stm32wlxx_hal_gpio.o
 .debug_aranges
                0x00000000000004c8      0x1a8 ./Drivers/stm32wlxx_hal_lptim.o
 .debug_aranges
                0x0000000000000670       0xc8 ./Drivers/stm32wlxx_hal_pwr.o
 .debug_aranges
                0x0000000000000738      0x1d0 ./Drivers/stm32wlxx_hal_pwr_ex.o
 .debug_aranges
                0x0000000000000908      0x238 ./Drivers/stm32wlxx_hal_rcc.o
 .debug_aranges
                0x0000000000000b40      0x1f8 ./Drivers/stm32wlxx_hal_rcc_ex.o

.debug_ranges   0x0000000000000000      0xc70
 .debug_ranges  0x0000000000000000       0x40 ./Core/Src/main.o
 .debug_ranges  0x0000000000000040       0x30 ./Core/Src/stm32wlxx_hal_msp.o
 .debug_ranges  0x0000000000000070       0x58 ./Core/Src/stm32wlxx_it.o
 .debug_ranges  0x00000000000000c8       0x18 ./Core/Src/system_stm32wlxx.o
 .debug_ranges  0x00000000000000e0       0x20 ./Core/Startup/startup_stm32wle5jcix.o
 .debug_ranges  0x0000000000000100      0x200 ./Drivers/stm32wlxx_hal.o
 .debug_ranges  0x0000000000000300      0x108 ./Drivers/stm32wlxx_hal_cortex.o
 .debug_ranges  0x0000000000000408       0x48 ./Drivers/stm32wlxx_hal_gpio.o
 .debug_ranges  0x0000000000000450      0x198 ./Drivers/stm32wlxx_hal_lptim.o
 .debug_ranges  0x00000000000005e8       0xb8 ./Drivers/stm32wlxx_hal_pwr.o
 .debug_ranges  0x00000000000006a0      0x1c0 ./Drivers/stm32wlxx_hal_pwr_ex.o
 .debug_ranges  0x0000000000000860      0x228 ./Drivers/stm32wlxx_hal_rcc.o
 .debug_ranges  0x0000000000000a88      0x1e8 ./Drivers/stm32wlxx_hal_rcc_ex.o

.debug_macro    0x0000000000000000    0x17e5f
 .debug_macro   0x0000000000000000      0x205 ./Core/Src/main.o
 .debug_macro   0x0000000000000205      0xa72 ./Core/Src/main.o
 .debug_macro   0x0000000000000c77      0x11e ./Core/Src/main.o
 .debug_macro   0x0000000000000d95       0x2e ./Core/Src/main.o
 .debug_macro   0x0000000000000dc3       0x34 ./Core/Src/main.o
 .debug_macro   0x0000000000000df7       0x22 ./Core/Src/main.o
 .debug_macro   0x0000000000000e19       0x8e ./Core/Src/main.o
 .debug_macro   0x0000000000000ea7       0x51 ./Core/Src/main.o
 .debug_macro   0x0000000000000ef8      0x103 ./Core/Src/main.o
 .debug_macro   0x0000000000000ffb       0x6a ./Core/Src/main.o
 .debug_macro   0x0000000000001065      0x1df ./Core/Src/main.o
 .debug_macro   0x0000000000001244       0x1c ./Core/Src/main.o
 .debug_macro   0x0000000000001260       0x22 ./Core/Src/main.o
 .debug_macro   0x0000000000001282       0xfb ./Core/Src/main.o
 .debug_macro   0x000000000000137d     0x1011 ./Core/Src/main.o
 .debug_macro   0x000000000000238e      0x11f ./Core/Src/main.o
 .debug_macro   0x00000000000024ad     0xcc1c ./Core/Src/main.o
 .debug_macro   0x000000000000f0c9       0x6d ./Core/Src/main.o
 .debug_macro   0x000000000000f136     0x33f7 ./Core/Src/main.o
 .debug_macro   0x000000000001252d      0x174 ./Core/Src/main.o
 .debug_macro   0x00000000000126a1       0x5c ./Core/Src/main.o
 .debug_macro   0x00000000000126fd      0x417 ./Core/Src/main.o
 .debug_macro   0x0000000000012b14      0x280 ./Core/Src/main.o
 .debug_macro   0x0000000000012d94      0x330 ./Core/Src/main.o
 .debug_macro   0x00000000000130c4      0x197 ./Core/Src/main.o
 .debug_macro   0x000000000001325b       0x43 ./Core/Src/main.o
 .debug_macro   0x000000000001329e      0x23d ./Core/Src/main.o
 .debug_macro   0x00000000000134db      0x22b ./Core/Src/main.o
 .debug_macro   0x0000000000013706      0x352 ./Core/Src/main.o
 .debug_macro   0x0000000000013a58       0x2e ./Core/Src/main.o
 .debug_macro   0x0000000000013a86       0xc1 ./Core/Src/main.o
 .debug_macro   0x0000000000013b47      0x1b4 ./Core/Src/main.o
 .debug_macro   0x0000000000013cfb       0xe7 ./Core/Src/main.o
 .debug_macro   0x0000000000013de2      0x2ed ./Core/Src/main.o
 .debug_macro   0x00000000000140cf      0x25f ./Core/Src/main.o
 .debug_macro   0x000000000001432e      0x133 ./Core/Src/main.o
 .debug_macro   0x0000000000014461      0x33f ./Core/Src/main.o
 .debug_macro   0x00000000000147a0      0x67c ./Core/Src/main.o
 .debug_macro   0x0000000000014e1c      0x113 ./Core/Src/main.o
 .debug_macro   0x0000000000014f2f      0xf67 ./Core/Src/main.o
 .debug_macro   0x0000000000015e96      0x115 ./Core/Src/main.o
 .debug_macro   0x0000000000015fab      0x2db ./Core/Src/main.o
 .debug_macro   0x0000000000016286      0x269 ./Core/Src/main.o
 .debug_macro   0x00000000000164ef      0x27d ./Core/Src/main.o
 .debug_macro   0x000000000001676c      0x205 ./Core/Src/stm32wlxx_hal_msp.o
 .debug_macro   0x0000000000016971      0x20f ./Core/Src/stm32wlxx_it.o
 .debug_macro   0x0000000000016b80      0x1fb ./Core/Src/system_stm32wlxx.o
 .debug_macro   0x0000000000016d7b      0x21f ./Drivers/stm32wlxx_hal.o
 .debug_macro   0x0000000000016f9a      0x1fb ./Drivers/stm32wlxx_hal_cortex.o
 .debug_macro   0x0000000000017195      0x201 ./Drivers/stm32wlxx_hal_gpio.o
 .debug_macro   0x0000000000017396      0x211 ./Drivers/stm32wlxx_hal_lptim.o
 .debug_macro   0x00000000000175a7      0x249 ./Drivers/stm32wlxx_hal_pwr.o
 .debug_macro   0x00000000000177f0      0x20d ./Drivers/stm32wlxx_hal_pwr_ex.o
 .debug_macro   0x00000000000179fd      0x255 ./Drivers/stm32wlxx_hal_rcc.o
 .debug_macro   0x0000000000017c52      0x20d ./Drivers/stm32wlxx_hal_rcc_ex.o

.debug_line     0x0000000000000000     0x9fa0
 .debug_line    0x0000000000000000      0x870 ./Core/Src/main.o
 .debug_line    0x0000000000000870      0x7c0 ./Core/Src/stm32wlxx_hal_msp.o
 .debug_line    0x0000000000001030      0x812 ./Core/Src/stm32wlxx_it.o
 .debug_line    0x0000000000001842      0x7cb ./Core/Src/system_stm32wlxx.o
 .debug_line    0x000000000000200d       0x89 ./Core/Startup/startup_stm32wle5jcix.o
 .debug_line    0x0000000000002096      0xe7d ./Drivers/stm32wlxx_hal.o
 .debug_line    0x0000000000002f13      0xd18 ./Drivers/stm32wlxx_hal_cortex.o
 .debug_line    0x0000000000003c2b      0xb67 ./Drivers/stm32wlxx_hal_gpio.o
 .debug_line    0x0000000000004792     0x13c1 ./Drivers/stm32wlxx_hal_lptim.o
 .debug_line    0x0000000000005b53      0xa11 ./Drivers/stm32wlxx_hal_pwr.o
 .debug_line    0x0000000000006564      0xe57 ./Drivers/stm32wlxx_hal_pwr_ex.o
 .debug_line    0x00000000000073bb     0x1781 ./Drivers/stm32wlxx_hal_rcc.o
 .debug_line    0x0000000000008b3c     0x1464 ./Drivers/stm32wlxx_hal_rcc_ex.o

.debug_str      0x0000000000000000    0x95c07
 .debug_str     0x0000000000000000    0x92586 ./Core/Src/main.o
                                      0x92b2e (size before relaxing)
 .debug_str     0x0000000000092586      0x5ec ./Core/Src/stm32wlxx_hal_msp.o
                                      0x92d99 (size before relaxing)
 .debug_str     0x0000000000092b72       0xf0 ./Core/Src/stm32wlxx_it.o
                                      0x9272f (size before relaxing)
 .debug_str     0x0000000000092c62       0x9e ./Core/Src/system_stm32wlxx.o
                                      0x925e2 (size before relaxing)
 .debug_str     0x0000000000092d00       0x36 ./Core/Startup/startup_stm32wle5jcix.o
                                         0xab (size before relaxing)
 .debug_str     0x0000000000092d36      0x852 ./Drivers/stm32wlxx_hal.o
                                      0x932e1 (size before relaxing)
 .debug_str     0x0000000000093588      0x3c5 ./Drivers/stm32wlxx_hal_cortex.o
                                      0x92d9f (size before relaxing)
 .debug_str     0x000000000009394d      0x180 ./Drivers/stm32wlxx_hal_gpio.o
                                      0x926e6 (size before relaxing)
 .debug_str     0x0000000000093acd      0x6ed ./Drivers/stm32wlxx_hal_lptim.o
                                      0x92fac (size before relaxing)
 .debug_str     0x00000000000941ba      0x521 ./Drivers/stm32wlxx_hal_pwr.o
                                      0x92a86 (size before relaxing)
 .debug_str     0x00000000000946db      0x669 ./Drivers/stm32wlxx_hal_pwr_ex.o
                                      0x92dd3 (size before relaxing)
 .debug_str     0x0000000000094d44      0x95e ./Drivers/stm32wlxx_hal_rcc.o
                                      0x93266 (size before relaxing)
 .debug_str     0x00000000000956a2      0x565 ./Drivers/stm32wlxx_hal_rcc_ex.o
                                      0x93029 (size before relaxing)

.comment        0x0000000000000000       0x50
 .comment       0x0000000000000000       0x50 ./Core/Src/main.o
                                         0x51 (size before relaxing)
 .comment       0x0000000000000050       0x51 ./Core/Src/stm32wlxx_hal_msp.o
 .comment       0x0000000000000050       0x51 ./Core/Src/stm32wlxx_it.o
 .comment       0x0000000000000050       0x51 ./Core/Src/system_stm32wlxx.o
 .comment       0x0000000000000050       0x51 ./Drivers/stm32wlxx_hal.o
 .comment       0x0000000000000050       0x51 ./Drivers/stm32wlxx_hal_cortex.o
 .comment       0x0000000000000050       0x51 ./Drivers/stm32wlxx_hal_gpio.o
 .comment       0x0000000000000050       0x51 ./Drivers/stm32wlxx_hal_lptim.o
 .comment       0x0000000000000050       0x51 ./Drivers/stm32wlxx_hal_pwr.o
 .comment       0x0000000000000050       0x51 ./Drivers/stm32wlxx_hal_pwr_ex.o
 .comment       0x0000000000000050       0x51 ./Drivers/stm32wlxx_hal_rcc.o
 .comment       0x0000000000000050       0x51 ./Drivers/stm32wlxx_hal_rcc_ex.o

.debug_frame    0x0000000000000000     0x356c
 .debug_frame   0x0000000000000000       0xf4 ./Core/Src/main.o
 .debug_frame   0x00000000000000f4       0xc8 ./Core/Src/stm32wlxx_hal_msp.o
 .debug_frame   0x00000000000001bc      0x120 ./Core/Src/stm32wlxx_it.o
 .debug_frame   0x00000000000002dc       0x58 ./Core/Src/system_stm32wlxx.o
 .debug_frame   0x0000000000000334      0x860 ./Drivers/stm32wlxx_hal.o
 .debug_frame   0x0000000000000b94      0x498 ./Drivers/stm32wlxx_hal_cortex.o
 .debug_frame   0x000000000000102c      0x14c ./Drivers/stm32wlxx_hal_gpio.o
 .debug_frame   0x0000000000001178      0x774 ./Drivers/stm32wlxx_hal_lptim.o
 .debug_frame   0x00000000000018ec      0x31c ./Drivers/stm32wlxx_hal_pwr.o
 .debug_frame   0x0000000000001c08      0x7cc ./Drivers/stm32wlxx_hal_pwr_ex.o
 .debug_frame   0x00000000000023d4      0x914 ./Drivers/stm32wlxx_hal_rcc.o
 .debug_frame   0x0000000000002ce8      0x838 ./Drivers/stm32wlxx_hal_rcc_ex.o
 .debug_frame   0x0000000000003520       0x2c c:/st/stm32cubeide_1.11.2/stm32cubeide/plugins/com.st.stm32cube.ide.mcu.externaltools.gnu-tools-for-stm32.10.3-2021.10.win32_1.0.100.202210260954/tools/bin/../lib/gcc/arm-none-eabi/10.3.1/../../../../arm-none-eabi/lib/thumb/v7e-m/nofp\libc_nano.a(lib_a-init.o)
 .debug_frame   0x000000000000354c       0x20 c:/st/stm32cubeide_1.11.2/stm32cubeide/plugins/com.st.stm32cube.ide.mcu.externaltools.gnu-tools-for-stm32.10.3-2021.10.win32_1.0.100.202210260954/tools/bin/../lib/gcc/arm-none-eabi/10.3.1/../../../../arm-none-eabi/lib/thumb/v7e-m/nofp\libc_nano.a(lib_a-memset.o)
